
  .   ____          _            __ _ _
 /\\ / ___'_ __ _ _(_)_ __  __ _ \ \ \ \
( ( )\___ | '_ | '_| | '_ \/ _` | \ \ \ \
 \\/  ___)| |_)| | | | | || (_| |  ) ) ) )
  '  |____| .__|_| |_|_| |_\__, | / / / /
 =========|_|==============|___/=/_/_/_/

 :: Spring Boot ::                (v4.1.0)

2026-09-06T21:21:29.540-05:00  INFO 18308 --- [           main] backend.BackendApplication               : Starting BackendApplication v0.0.1-SNAPSHOT using Java 25.0.3 with PID 18308 (C:\Users\sergi\OneDrive\Desktop\paguemos\Sispaguemos_SprinBoot\Sispaguemos\backend\target\backend-0.0.1-SNAPSHOT.jar started by sergi in C:\Users\sergi\OneDrive\Desktop\paguemos\Sispaguemos_SprinBoot\Sispaguemos\backend)
2026-09-06T21:21:29.544-05:00  INFO 18308 --- [           main] backend.BackendApplication               : No active profile set, falling back to 1 default profile: "default"
2026-09-06T21:21:30.294-05:00  INFO 18308 --- [           main] .s.d.r.c.RepositoryConfigurationDelegate : Bootstrapping Spring Data JPA repositories in DEFAULT mode.
2026-09-06T21:21:30.368-05:00  INFO 18308 --- [           main] .s.d.r.c.RepositoryConfigurationDelegate : Finished Spring Data repository scanning in 64 ms. Found 14 JPA repository interfaces.
2026-09-06T21:21:30.851-05:00  INFO 18308 --- [           main] o.s.boot.tomcat.TomcatWebServer          : Tomcat initialized with port 8080 (http)
2026-09-06T21:21:30.874-05:00  INFO 18308 --- [           main] o.apache.catalina.core.StandardService   : Starting service [Tomcat]
2026-09-06T21:21:30.875-05:00  INFO 18308 --- [           main] o.apache.catalina.core.StandardEngine    : Starting Servlet engine: [Apache Tomcat/11.0.22]
2026-09-06T21:21:30.906-05:00  INFO 18308 --- [           main] b.w.c.s.WebApplicationContextInitializer : Root WebApplicationContext: initialization completed in 1311 ms
2026-09-06T21:21:31.123-05:00  INFO 18308 --- [           main] org.hibernate.orm.jpa                    : HHH008540: Processing PersistenceUnitInfo [name: default]
2026-09-06T21:21:31.178-05:00  INFO 18308 --- [           main] org.hibernate.orm.core                   : HHH000001: Hibernate ORM core version 7.4.1.Final
2026-09-06T21:21:31.602-05:00  INFO 18308 --- [           main] o.s.o.j.p.SpringPersistenceUnitInfo      : No LoadTimeWeaver setup: ignoring JPA class transformer
2026-09-06T21:21:31.635-05:00  INFO 18308 --- [           main] com.zaxxer.hikari.HikariDataSource       : HikariPool-1 - Starting...
2026-09-06T21:21:31.777-05:00  INFO 18308 --- [           main] com.zaxxer.hikari.pool.HikariPool        : HikariPool-1 - Added connection com.mysql.cj.jdbc.ConnectionImpl@73d91faf
2026-09-06T21:21:31.780-05:00  INFO 18308 --- [           main] com.zaxxer.hikari.HikariDataSource       : HikariPool-1 - Start completed.
2026-09-06T21:21:31.827-05:00  WARN 18308 --- [           main] org.hibernate.orm.core                   : HHH000511: The 5.5.5 version for [org.hibernate.dialect.MySQLDialect] is no longer supported, hence certain features may not work properly.The minimum supported version is 8.0.0. Check the community dialects project for available legacy versions.
2026-09-06T21:21:31.831-05:00  WARN 18308 --- [           main] org.hibernate.orm.deprecation            : HHH90000025: MySQLDialect does not need to be specified explicitly using 'hibernate.dialect' (remove the property setting and it will be selected by default)
2026-09-06T21:21:31.849-05:00  INFO 18308 --- [           main] org.hibernate.orm.connections.pooling    : HHH10001005: Database info:
	Database JDBC URL [jdbc:mysql://localhost:3306/sispaguemos?useSSL=false&serverTimezone=UTC]
	Database driver: MySQL Connector/J
	Database dialect: MySQLDialect
	Database version: 5.5.5
	Default catalog/schema: sispaguemos/undefined
	Autocommit mode: undefined/unknown
	Isolation level: REPEATABLE_READ [default REPEATABLE_READ]
	JDBC fetch size: none
	Pool: DataSourceConnectionProvider
	Minimum pool size: undefined/unknown
	Maximum pool size: undefined/unknown
2026-09-06T21:21:32.848-05:00  INFO 18308 --- [           main] org.hibernate.orm.core                   : HHH000489: No JTA platform available (set 'hibernate.transaction.jta.platform' to enable JTA platform integration)
2026-09-06T21:21:32.856-05:00  INFO 18308 --- [           main] j.LocalContainerEntityManagerFactoryBean : Initialized JPA EntityManagerFactory for persistence unit 'default'
2026-09-06T21:21:32.926-05:00  INFO 18308 --- [           main] o.s.d.j.r.query.QueryEnhancerFactories   : Hibernate is in classpath; If applicable, HQL parser will be used.
2026-09-06T21:21:33.348-05:00  WARN 18308 --- [           main] JpaBaseConfiguration$JpaWebConfiguration : spring.jpa.open-in-view is enabled by default. Therefore, database queries may be performed during view rendering. Explicitly configure spring.jpa.open-in-view to disable this warning
2026-09-06T21:21:33.709-05:00  INFO 18308 --- [           main] o.s.boot.tomcat.TomcatWebServer          : Tomcat started on port 8080 (http) with context path '/'
2026-09-06T21:21:33.724-05:00  INFO 18308 --- [           main] backend.BackendApplication               : Started BackendApplication in 4.573 seconds (process running for 5.071)
2026-09-06T21:21:35.041-05:00  INFO 18308 --- [nio-8080-exec-5] o.a.c.c.C.[Tomcat].[localhost].[/]       : Initializing Spring DispatcherServlet 'dispatcherServlet'
2026-09-06T21:21:35.043-05:00  INFO 18308 --- [nio-8080-exec-5] o.s.web.servlet.DispatcherServlet        : Initializing Servlet 'dispatcherServlet'
2026-09-06T21:21:35.046-05:00  INFO 18308 --- [nio-8080-exec-5] o.s.web.servlet.DispatcherServlet        : Completed initialization in 3 ms
Hibernate: select p1_0.id_proveedor,p1_0.correo_proveedor,p1_0.direccion_proveedor,p1_0.estado,p1_0.fecha_registro,p1_0.nit_proveedor,p1_0.nombre_proveedor,p1_0.telefono_proveedor from proveedor p1_0 where p1_0.id_proveedor=?
Hibernate: select u1_0.id_usuario,u1_0.apellido_usuario,u1_0.contrasena_usuario,u1_0.correo_usuario,u1_0.estado,u1_0.fecha_registro,u1_0.fk_id_rol,u1_0.imagen_perfil,u1_0.nombre_usuario from usuario u1_0 where u1_0.id_usuario=?
Hibernate: select p1_0.id_prenda,p1_0.cantidad_disponible_venta,p1_0.codigo_barras,p1_0.color,p1_0.descripcion_prend,p1_0.estado,p1_0.fecha_registro,p1_0.genero,p1_0.imagen_prend,p1_0.nombre_prend,p1_0.precio_venta from prenda p1_0 where p1_0.id_prenda=?
Hibernate: select b1_0.id_stock,b1_0.costo_promedio,b1_0.fecha_actualizacion,b1_0.fk_id_prenda,b1_0.cantidad_actual,b1_0.cantidad_maxima,b1_0.cantidad_minima from stock b1_0
Hibernate: insert into factura_proveedor (estado,fecha_pedido,fecha_recepcion,impuesto,numero_factura,observaciones,fk_id_proveedor,subtotal,total,fk_id_usuario) values (?,?,?,?,?,?,?,?,?,?)
Hibernate: insert into detalle_factura_proveedor (cantidad_pedida,cantidad_recibida,estado,fk_id_factura_proveedor,precio_compra,fk_id_prenda) values (?,?,?,?,?,?)
2026-09-06T21:21:35.378-05:00 ERROR 18308 --- [nio-8080-exec-5] org.hibernate.orm.core                   : HHH000099: an assertion failure occurred (this may indicate a bug in Hibernate, but is more likely due to unsafe use of the session): org.hibernate.AssertionFailure: Entry for instance of 'backend.model.Bodega' has a null identifier (this can happen if the session is flushed after an exception occurs)
